<html>
<body>
Template Test
<br />
<br />
with a listing of beans:
<br />
<table>
    <tr>
        <td>Name</td>
        <td>Description</td>
    </tr>
    
    <tr>
        <td>one</td>
        <td>Same</td>
    </tr>
    
    <tr>
        <td>two</td>
        <td>Child</td>
    </tr>
    
</table>
</body>
</html>